// Vitest Snapshot v1, https://vitest.dev/guide/snapshot.html

exports[`AC 5: Visual style matches DesignDoc §4.7: persistent banner, lock icon is not decorative > snapshot: PrivacyBanner renders expected structure 1`] = `
<div
  aria-label="Privacy notice"
  class="bg-private-tint flex items-center gap-2 px-4 py-2"
  role="region"
>
  <button
    aria-label="Lock — view privacy details"
    class="inline-flex shrink-0 items-center justify-center rounded-sm focus:outline-none focus:ring-2 focus:ring-offset-2"
    type="button"
  >
    <svg
      aria-hidden="true"
      class="lucide lucide-lock"
      fill="none"
      height="16"
      stroke="currentColor"
      stroke-linecap="round"
      stroke-linejoin="round"
      stroke-width="1.5"
      viewBox="0 0 24 24"
      width="16"
      xmlns="http://www.w3.org/2000/svg"
    >
      <rect
        height="11"
        rx="2"
        ry="2"
        width="18"
        x="3"
        y="11"
      />
      <path
        d="M7 11V7a5 5 0 0 1 10 0v4"
      />
    </svg>
  </button>
  <span>
    This conversation is private to you.
  </span>
  <span
    class="ml-1"
  >
    Jordan
     can't see this.
  </span>
  <span
    class="sr-only"
  >
    Private conversation. Only you and the AI coach see this.
  </span>
</div>
`;
